Archive member included to satisfy reference by file (symbol)

C:\Users\y zy\Desktop\EVT\EXAM\SRC\StdPeriphDriver\libISP583.a(ISP583.o)
                              ./StdPeriphDriver/CH58x_flash.o (FLASH_EEPROM_CMD)
c:/mounriver/mounriver_studio/toolchain/risc-v embedded gcc/bin/../lib/gcc/riscv-none-embed/8.2.0/../../../../riscv-none-embed/lib/rv32imac/ilp32\libg_nano.a(lib_a-memcpy.o)
                              ./rt-thread/components/finsh/cmd.o (memcpy)
c:/mounriver/mounriver_studio/toolchain/risc-v embedded gcc/bin/../lib/gcc/riscv-none-embed/8.2.0/../../../../riscv-none-embed/lib/rv32imac/ilp32\libg_nano.a(lib_a-memset.o)
                              ./rt-thread/components/finsh/msh.o (memset)
c:/mounriver/mounriver_studio/toolchain/risc-v embedded gcc/bin/../lib/gcc/riscv-none-embed/8.2.0/../../../../riscv-none-embed/lib/rv32imac/ilp32\libg_nano.a(lib_a-printf.o)
                              ./StdPeriphDriver/CH58x_usb2hostClass.o (printf)
c:/mounriver/mounriver_studio/toolchain/risc-v embedded gcc/bin/../lib/gcc/riscv-none-embed/8.2.0/../../../../riscv-none-embed/lib/rv32imac/ilp32\libg_nano.a(lib_a-putchar.o)
                              ./StdPeriphDriver/CH58x_usb2hostClass.o (putchar)
c:/mounriver/mounriver_studio/toolchain/risc-v embedded gcc/bin/../lib/gcc/riscv-none-embed/8.2.0/../../../../riscv-none-embed/lib/rv32imac/ilp32\libg_nano.a(lib_a-puts.o)
                              ./StdPeriphDriver/CH58x_usb2hostBase.o (puts)
c:/mounriver/mounriver_studio/toolchain/risc-v embedded gcc/bin/../lib/gcc/riscv-none-embed/8.2.0/../../../../riscv-none-embed/lib/rv32imac/ilp32\libg_nano.a(lib_a-strcat.o)
                              ./rt-thread/components/finsh/shell.o (strcat)
c:/mounriver/mounriver_studio/toolchain/risc-v embedded gcc/bin/../lib/gcc/riscv-none-embed/8.2.0/../../../../riscv-none-embed/lib/rv32imac/ilp32\libg_nano.a(lib_a-strcpy.o)
                              ./rt-thread/components/finsh/shell.o (strcpy)
c:/mounriver/mounriver_studio/toolchain/risc-v embedded gcc/bin/../lib/gcc/riscv-none-embed/8.2.0/../../../../riscv-none-embed/lib/rv32imac/ilp32\libg_nano.a(lib_a-strlen.o)
                              ./rt-thread/components/finsh/msh.o (strlen)
c:/mounriver/mounriver_studio/toolchain/risc-v embedded gcc/bin/../lib/gcc/riscv-none-embed/8.2.0/../../../../riscv-none-embed/lib/rv32imac/ilp32\libg_nano.a(lib_a-strncmp.o)
                              ./rt-thread/components/finsh/cmd.o (strncmp)
c:/mounriver/mounriver_studio/toolchain/risc-v embedded gcc/bin/../lib/gcc/riscv-none-embed/8.2.0/../../../../riscv-none-embed/lib/rv32imac/ilp32\libg_nano.a(lib_a-strncpy.o)
                              ./rt-thread/components/finsh/shell.o (strncpy)
c:/mounriver/mounriver_studio/toolchain/risc-v embedded gcc/bin/../lib/gcc/riscv-none-embed/8.2.0/../../../../riscv-none-embed/lib/rv32imac/ilp32\libg_nano.a(lib_a-wbuf.o)
                              c:/mounriver/mounriver_studio/toolchain/risc-v embedded gcc/bin/../lib/gcc/riscv-none-embed/8.2.0/../../../../riscv-none-embed/lib/rv32imac/ilp32\libg_nano.a(lib_a-puts.o) (__swbuf_r)
c:/mounriver/mounriver_studio/toolchain/risc-v embedded gcc/bin/../lib/gcc/riscv-none-embed/8.2.0/../../../../riscv-none-embed/lib/rv32imac/ilp32\libg_nano.a(lib_a-wsetup.o)
                              c:/mounriver/mounriver_studio/toolchain/risc-v embedded gcc/bin/../lib/gcc/riscv-none-embed/8.2.0/../../../../riscv-none-embed/lib/rv32imac/ilp32\libg_nano.a(lib_a-puts.o) (__swsetup_r)
c:/mounriver/mounriver_studio/toolchain/risc-v embedded gcc/bin/../lib/gcc/riscv-none-embed/8.2.0/../../../../riscv-none-embed/lib/rv32imac/ilp32\libg_nano.a(lib_a-fflush.o)
                              c:/mounriver/mounriver_studio/toolchain/risc-v embedded gcc/bin/../lib/gcc/riscv-none-embed/8.2.0/../../../../riscv-none-embed/lib/rv32imac/ilp32\libg_nano.a(lib_a-wbuf.o) (_fflush_r)
c:/mounriver/mounriver_studio/toolchain/risc-v embedded gcc/bin/../lib/gcc/riscv-none-embed/8.2.0/../../../../riscv-none-embed/lib/rv32imac/ilp32\libg_nano.a(lib_a-findfp.o)
                              c:/mounriver/mounriver_studio/toolchain/risc-v embedded gcc/bin/../lib/gcc/riscv-none-embed/8.2.0/../../../../riscv-none-embed/lib/rv32imac/ilp32\libg_nano.a(lib_a-printf.o) (__sinit)
c:/mounriver/mounriver_studio/toolchain/risc-v embedded gcc/bin/../lib/gcc/riscv-none-embed/8.2.0/../../../../riscv-none-embed/lib/rv32imac/ilp32\libg_nano.a(lib_a-fwalk.o)
                              c:/mounriver/mounriver_studio/toolchain/risc-v embedded gcc/bin/../lib/gcc/riscv-none-embed/8.2.0/../../../../riscv-none-embed/lib/rv32imac/ilp32\libg_nano.a(lib_a-findfp.o) (_fwalk)
c:/mounriver/mounriver_studio/toolchain/risc-v embedded gcc/bin/../lib/gcc/riscv-none-embed/8.2.0/../../../../riscv-none-embed/lib/rv32imac/ilp32\libg_nano.a(lib_a-impure.o)
[...]
Memory Configuration

Name             Origin             Length             Attributes
FLASH            0x0000000000000000 0x0000000000070000 xr
RAM              0x0000000020000000 0x0000000000008000 xrw
*default*        0x0000000000000000 0xffffffffffffffff

Linker script and memory map

LOAD ./src/main.o
LOAD ./rt-thread/src/clock.o
LOAD ./rt-thread/src/components.o
LOAD ./rt-thread/src/cpu.o
LOAD ./rt-thread/src/idle.o
LOAD ./rt-thread/src/ipc.o
LOAD ./rt-thread/src/irq.o
LOAD ./rt-thread/src/kservice.o
LOAD ./rt-thread/src/mem.o
LOAD ./rt-thread/src/memheap.o
LOAD ./rt-thread/src/mempool.o
LOAD ./rt-thread/src/object.o
LOAD ./rt-thread/src/scheduler.o
LOAD ./rt-thread/src/slab.o
LOAD ./rt-thread/src/thread.o
LOAD ./rt-thread/src/timer.o
LOAD ./rt-thread/libcpu/WCH/Qingke_V4A/context_gcc.o
LOAD ./rt-thread/libcpu/WCH/Qingke_V4A/cpuport.o
LOAD ./rt-thread/libcpu/WCH/Qingke_V4A/interrupt_gcc.o
LOAD ./rt-thread/components/finsh/cmd.o
LOAD ./rt-thread/components/finsh/finsh_port.o
LOAD ./rt-thread/components/finsh/msh.o
LOAD ./rt-thread/components/finsh/shell.o
LOAD ./rt-thread/components/drivers/ipc/ringbuffer.o
LOAD ./rt-thread/components/device/device.o
LOAD ./rt-thread/bsp/usart/drv_usart.o
LOAD ./rt-thread/bsp/board.o
LOAD ./StdPeriphDriver/CH58x_adc.o
LOAD ./StdPeriphDriver/CH58x_clk.o
LOAD ./StdPeriphDriver/CH58x_flash.o
LOAD ./StdPeriphDriver/CH58x_gpio.o
LOAD ./StdPeriphDriver/CH58x_i2c.o
LOAD ./StdPeriphDriver/CH58x_pwm.o
LOAD ./StdPeriphDriver/CH58x_pwr.o
LOAD ./StdPeriphDriver/CH58x_spi0.o
LOAD ./StdPeriphDriver/CH58x_spi1.o
LOAD ./StdPeriphDriver/CH58x_sys.o
LOAD ./StdPeriphDriver/CH58x_timer0.o
LOAD ./StdPeriphDriver/CH58x_timer1.o
LOAD ./StdPeriphDriver/CH58x_timer2.o
LOAD ./StdPeriphDriver/CH58x_timer3.o
LOAD ./StdPeriphDriver/CH58x_uart0.o
LOAD ./StdPeriphDriver/CH58x_uart1.o
LOAD ./StdPeriphDriver/CH58x_uart2.o
LOAD ./StdPeriphDriver/CH58x_uart3.o
LOAD ./StdPeriphDriver/CH58x_usb2dev.o
LOAD ./StdPeriphDriver/CH58x_usb2hostBase.o
LOAD ./StdPeriphDriver/CH58x_usb2hostClass.o
LOAD ./StdPeriphDriver/CH58x_usbdev.o
LOAD ./StdPeriphDriver/CH58x_usbhostBase.o
LOAD ./StdPeriphDriver/CH58x_usbhostClass.o
LOAD ./Startup/startup_CH583.o
LOAD ./RVMSIS/core_riscv.o
LOAD C:\Users\y zy\Desktop\EVT\EXAM\SRC\StdPeriphDriver\libISP583.a
LOAD c:/mounriver/mounriver_studio/toolchain/risc-v embedded gcc/bin/../lib/gcc/riscv-none-embed/8.2.0/rv32imac/ilp32\libgcc.a
LOAD c:/mounriver/mounriver_studio/toolchain/risc-v embedded gcc/bin/../lib/gcc/riscv-none-embed/8.2.0/../../../../riscv-none-embed/lib/rv32imac/ilp32\libg_nano.a
LOAD c:/mounriver/mounriver_studio/toolchain/risc-v embedded gcc/bin/../lib/gcc/riscv-none-embed/8.2.0/../../../../riscv-none-embed/lib/rv32imac/ilp32\libc_nano.a
LOAD c:/mounriver/mounriver_studio/toolchain/risc-v embedded gcc/bin/../lib/gcc/riscv-none-embed/8.2.0/rv32imac/ilp32\libgcc.a
START GROUP
LOAD c:/mounriver/mounriver_studio/toolchain/risc-v embedded gcc/bin/../lib/gcc/riscv-none-embed/8.2.0/rv32imac/ilp32\libgcc.a
LOAD c:/mounriver/mounriver_studio/toolchain/risc-v embedded gcc/bin/../lib/gcc/riscv-none-embed/8.2.0/../../../../riscv-none-embed/lib/rv32imac/ilp32\libc_nano.a
LOAD c:/mounriver/mounriver_studio/toolchain/risc-v embedded gcc/bin/../lib/gcc/riscv-none-embed/8.2.0/../../../../riscv-none-embed/lib/rv32imac/ilp32\libnosys.a
END GROUP
START GROUP
LOAD c:/mounriver/mounriver_studio/toolchain/risc-v embedded gcc/bin/../lib/gcc/riscv-none-embed/8.2.0/rv32imac/ilp32\libgcc.a
LOAD c:/mounriver/mounriver_studio/toolchain/risc-v embedded gcc/bin/../lib/gcc/riscv-none-embed/8.2.0/../../../../riscv-none-embed/lib/rv32imac/ilp32\libc_nano.a
LOAD c:/mounriver/mounriver_studio/toolchain/risc-v embedded gcc/bin/../lib/gcc/riscv-none-embed/8.2.0/../../../../riscv-none-embed/lib/rv32imac/ilp32\libnosys.a
END GROUP

.init           0x0000000000000000        0x4
                0x0000000000000000                _sinit = .
                0x0000000000000000                . = ALIGN (0x4)
 *(SORT_NONE(.init))
 .init          0x0000000000000000        0x4 ./Startup/startup_CH583.o
                0x0000000000000000                _start
                0x0000000000000004                . = ALIGN (0x4)
                0x0000000000000004                _einit = .

.highcodelalign
                0x0000000000000004        0x0
                0x0000000000000004                . = ALIGN (0x4)
                0x0000000000000004                PROVIDE (_highcode_lma = .)

.highcode       0x0000000020000000      0xcc0 load address 0x0000000000000004
                0x0000000020000000                . = ALIGN (0x4)
                0x0000000020000000                PROVIDE (_highcode_vma_start = .)
 *(.vector)
 .vector        0x0000000020000000       0x90 ./Startup/startup_CH583.o
 *(SORT_NONE(.vector_handler))
 .vector_handler
                0x0000000020000090       0x36 ./Startup/startup_CH583.o
                0x0000000020000090                NMI_Handler
                0x0000000020000094                Ecall_M_Mode_Handler
                0x0000000020000096                Ecall_U_Mode_Handler
                0x0000000020000098                Break_Point_Handler
                0x000000002000009e                TMR0_IRQHandler
                0x00000000200000a2                GPIOB_IRQHandler
                0x00000000200000a4                SPI0_IRQHandler
                0x00000000200000a6                BB_IRQHandler
                0x00000000200000a8                LLE_IRQHandler
                0x00000000200000aa                USB_IRQHandler
                0x00000000200000ac                USB2_IRQHandler
                0x00000000200000ae                TMR1_IRQHandler
                0x00000000200000b0                TMR2_IRQHandler
                0x00000000200000b2                UART0_IRQHandler
                0x00000000200000b6                RTC_IRQHandler
                0x00000000200000b8                ADC_IRQHandler
                0x00000000200000ba                I2C_IRQHandler
                0x00000000200000bc                PWMX_IRQHandler
                0x00000000200000be                TMR3_IRQHandler
                0x00000000200000c0                UART2_IRQHandler
                0x00000000200000c2                UART3_IRQHandler
                0x00000000200000c4                WDOG_BAT_IRQHandler
                0x00000000200000c8                . = ALIGN (0x4)
 *fill*         0x00000000200000c6        0x2 
 *(wch_user_vectors)
 wch_user_vectors
                0x00000000200000c8       0x90 ./rt-thread/libcpu/WCH/Qingke_V4A/cpuport.o
                0x00000000200000c8                wch_user_irq_table
                0x0000000020000158                . = ALIGN (0x4)
 *(.highcode)
 .highcode      0x0000000020000158       0x3c ./src/main.o
                0x0000000020000158                GPIOA_IRQHandler
 .highcode      0x0000000020000194       0x54 ./rt-thread/src/clock.o
                0x0000000020000194                rt_tick_get
                0x00000000200001a0                rt_tick_set
                0x00000000200001ba                rt_tick_increase
 .highcode      0x00000000200001e8        0xe ./rt-thread/src/idle.o
 .highcode      0x00000000200001f6       0x18 ./rt-thread/src/ipc.o
 .highcode      0x000000002000020e        0xe ./rt-thread/src/object.o
 .highcode      0x000000002000021c       0x88 ./rt-thread/src/scheduler.o
                0x0000000020000242                rt_schedule
 .highcode      0x00000000200002a4       0x7a ./rt-thread/src/thread.o
                0x00000000200002be                rt_thread_self
                0x00000000200002c6                rt_thread_yield
 .highcode      0x000000002000031e       0xd4 ./rt-thread/src/timer.o
                0x0000000020000338                rt_timer_check
 *fill*         0x00000000200003f2        0x2 
 .highcode      0x00000000200003f4       0xb8 ./rt-thread/libcpu/WCH/Qingke_V4A/context_gcc.o
                0x00000000200003f4                rt_hw_interrupt_disable
                0x0000000020000400                rt_hw_interrupt_enable
                0x0000000020000408                rt_hw_context_switch_to
                0x000000002000041c                rt_hw_context_switch
                0x0000000020000464                rt_hw_context_switch_exit
 .highcode      0x00000000200004ac       0x5e ./rt-thread/libcpu/WCH/Qingke_V4A/cpuport.o
                0x00000000200004ac                rt_hw_context_switch_interrupt
                0x00000000200004ce                user_interrupt_handler
 *fill*         0x000000002000050a        0x2 
 .highcode      0x000000002000050c       0xea ./rt-thread/libcpu/WCH/Qingke_V4A/interrupt_gcc.o
                0x000000002000050c                unified_interrupt_handler
                0x0000000020000584                SW_Handler
 .highcode      0x00000000200005f6        0xc ./rt-thread/components/finsh/cmd.o
 .highcode      0x0000000020000602       0x58 ./rt-thread/bsp/usart/drv_usart.o
                0x0000000020000602                UART1_IRQHandler
 .highcode      0x000000002000065a       0x14 ./rt-thread/bsp/board.o
                0x000000002000065a                SysTick_Handler
 .highcode      0x000000002000066e      0x22c ./StdPeriphDriver/CH58x_sys.o
                0x000000002000066e                SetSysClock
                0x00000000200007e2                SYS_ResetExecute
                0x000000002000081e                HardFault_Handler
                0x0000000020000864                mDelayuS
                0x0000000020000872                mDelaymS
 .highcode      0x000000002000089a      0x426 C:\Users\y zy\Desktop\EVT\EXAM\SRC\StdPeriphDriver\libISP583.a(ISP583.o)
                0x000000002000089a                FLASH_ROM_BEG
                0x00000000200008ac                FLASH_ROM_END
                0x00000000200008ba                FLASH_ROM_IN
                0x00000000200008c8                FLASH_ROM_OUT
                0x00000000200008d6                FLASH_ROM_ADDR
                0x000000002000091e                FLASH_ROM_WAIT
                0x0000000020000956                FLASH_EEPROM_CMD
 *(.highcode.*)
                0x0000000020000cc0                . = ALIGN (0x4)
 *fill*         0x0000000020000cc0        0x0 
                0x0000000020000cc0                PROVIDE (_highcode_vma_end = .)

.text           0x0000000000000cc4     0x3cec
                0x0000000000000cc4                . = ALIGN (0x4)
 *(SORT_NONE(.handle_reset))
 .handle_reset  0x0000000000000cc4       0xba ./Startup/startup_CH583.o
                0x0000000000000cc4                handle_reset
 *(.text)
 .text          0x0000000000000d7e       0xa8 c:/mounriver/mounriver_studio/toolchain/risc-v embedded gcc/bin/../lib/gcc/riscv-none-embed/8.2.0/../../../../riscv-none-embed/lib/rv32imac/ilp32\libg_nano.a(lib_a-memset.o)
                0x0000000000000d7e                memset
 *(.text.*)
 .text.msh_test_print
                0x0000000000000e26        0xc ./src/main.o
                0x0000000000000e26                msh_test_print
 .text.task1_entry
                0x0000000000000e32       0x1e ./src/main.o
                0x0000000000000e32                task1_entry
 .text.task2_entry
                0x0000000000000e50       0x1e ./src/main.o
                0x0000000000000e50                task2_entry
 .text.task3_entry
                0x0000000000000e6e       0x6e ./src/main.o
                0x0000000000000e6e                task3_entry
 .text.startup.main
                0x0000000000000edc       0xa2 ./src/main.o
                0x0000000000000edc                main
 .text.rt_tick_from_millisecond
                0x0000000000000f7e       0x28 ./rt-thread/src/clock.o
                0x0000000000000f7e                rt_tick_from_millisecond
 .text.rti_start
                0x0000000000000fa6        0x4 ./rt-thread/src/components.o
 .text.rti_end  0x0000000000000faa        0x4 ./rt-thread/src/components.o
 .text.rti_board_start
                0x0000000000000fae        0x4 ./rt-thread/src/components.o
 .text.rti_board_end
                0x0000000000000fb2        0x4 ./rt-thread/src/components.o
 .text.rt_components_board_init
                0x0000000000000fb6       0x2e ./rt-thread/src/components.o
                0x0000000000000fb6                rt_components_board_init
 .text.rt_components_init
                0x0000000000000fe4       0x2e ./rt-thread/src/components.o
                0x0000000000000fe4                rt_components_init
 .text.main_thread_entry
                0x0000000000001012        0xc ./rt-thread/src/components.o
                0x0000000000001012                main_thread_entry
 .text.rt_application_init
                0x000000000000101e       0x2a ./rt-thread/src/components.o
                0x000000000000101e                rt_application_init
 .text.rtthread_startup
                0x0000000000001048       0x30 ./rt-thread/src/components.o
                0x0000000000001048                rtthread_startup
 .text.entry    0x0000000000001078        0xe ./rt-thread/src/components.o
                0x0000000000001078                entry
 .text.rt_thread_idle_excute
                0x0000000000001086       0x5c ./rt-thread/src/idle.o
                0x0000000000001086                rt_thread_idle_excute
 .text.rt_thread_idle_entry
                0x00000000000010e2        0x8 ./rt-thread/src/idle.o
 .text.rt_thread_idle_init
                0x00000000000010ea       0x3c ./rt-thread/src/idle.o
                0x00000000000010ea                rt_thread_idle_init
 .text.rt_ipc_list_suspend
                0x0000000000001126       0x50 ./rt-thread/src/ipc.o
 .text.rt_sem_init
                0x0000000000001176       0x34 ./rt-thread/src/ipc.o
                0x0000000000001176                rt_sem_init
 .text.rt_sem_create
                0x00000000000011aa       0x2e ./rt-thread/src/ipc.o
                0x00000000000011aa                rt_sem_create
 .text.rt_sem_take
                0x00000000000011d8       0x94 ./rt-thread/src/ipc.o
                0x00000000000011d8                rt_sem_take
 .text.rt_sem_release
                0x000000000000126c       0x74 ./rt-thread/src/ipc.o
                0x000000000000126c                rt_sem_release
 .text.rt_interrupt_enter
                0x00000000000012e0        0xc ./rt-thread/src/irq.o
                0x00000000000012e0                rt_interrupt_enter
 .text.rt_interrupt_leave
                0x00000000000012ec        0xc ./rt-thread/src/irq.o
                0x00000000000012ec                rt_interrupt_leave
 .text.rt_interrupt_get_nest
                0x00000000000012f8        0x6 ./rt-thread/src/irq.o
                0x00000000000012f8                rt_interrupt_get_nest
 .text.print_number
                0x00000000000012fe      0x186 ./rt-thread/src/kservice.o
 .text.rt_set_errno
                0x0000000000001484       0x26 ./rt-thread/src/kservice.o
                0x0000000000001484                rt_set_errno
 .text.rt_memset
                0x00000000000014aa       0x88 ./rt-thread/src/kservice.o
                0x00000000000014aa                rt_memset
 .text.rt_memmove
                0x0000000000001532       0x4a ./rt-thread/src/kservice.o
                0x0000000000001532                rt_memmove
 .text.rt_strncpy
                0x000000000000157c       0x2c ./rt-thread/src/kservice.o
                0x000000000000157c                rt_strncpy
 .text.rt_strncmp
                0x00000000000015a8       0x2c ./rt-thread/src/kservice.o
                0x00000000000015a8                rt_strncmp
 .text.rt_strlen
                0x00000000000015d4       0x12 ./rt-thread/src/kservice.o
                0x00000000000015d4                rt_strlen
 .text.rt_vsnprintf
                0x00000000000015e6      0x37a ./rt-thread/src/kservice.o
                0x00000000000015e6                rt_vsnprintf
 .text.rt_console_get_device
                0x0000000000001960        0x8 ./rt-thread/src/kservice.o
                0x0000000000001960                rt_console_get_device
 .text.rt_kprintf
                0x0000000000001968       0x6e ./rt-thread/src/kservice.o
                0x0000000000001968                rt_kprintf
 .text.rt_show_version
                0x00000000000019d6       0x3e ./rt-thread/src/kservice.o
                0x00000000000019d6                rt_show_version
 .text.__rt_ffs
                0x0000000000001a14       0x58 ./rt-thread/src/kservice.o
                0x0000000000001a14                __rt_ffs
 .text.plug_holes
                0x0000000000001a6c       0x64 ./rt-thread/src/mem.o
 .text.list_mem
                0x0000000000001ad0       0x38 ./rt-thread/src/mem.o
                0x0000000000001ad0                list_mem
 .text.rt_system_heap_init
                0x0000000000001b08       0x7e ./rt-thread/src/mem.o
                0x0000000000001b08                rt_system_heap_init
 .text.rt_malloc
                0x0000000000001b86      0x12c ./rt-thread/src/mem.o
                0x0000000000001b86                rt_malloc
 .text.rt_calloc
                0x0000000000001cb2       0x26 ./rt-thread/src/mem.o
                0x0000000000001cb2                rt_calloc
 .text.rt_free  0x0000000000001cd8       0xbe ./rt-thread/src/mem.o
                0x0000000000001cd8                rt_free
 .text.rt_object_get_information
                0x0000000000001d96       0x28 ./rt-thread/src/object.o
                0x0000000000001d96                rt_object_get_information
 .text.rt_object_init
                0x0000000000001dbe       0x70 ./rt-thread/src/object.o
                0x0000000000001dbe                rt_object_init
 .text.rt_object_detach
                0x0000000000001e2e       0x36 ./rt-thread/src/object.o
                0x0000000000001e2e                rt_object_detach
 .text.rt_object_allocate
                0x0000000000001e64       0x66 ./rt-thread/src/object.o
                0x0000000000001e64                rt_object_allocate
 .text.rt_object_delete
                0x0000000000001eca       0x3a ./rt-thread/src/object.o
                0x0000000000001eca                rt_object_delete
 .text.rt_object_is_systemobject
                0x0000000000001f04        0x8 ./rt-thread/src/object.o
                0x0000000000001f04                rt_object_is_systemobject
 .text.rt_object_find
                0x0000000000001f0c       0x56 ./rt-thread/src/object.o
                0x0000000000001f0c                rt_object_find
 .text.rt_system_scheduler_init
                0x0000000000001f62       0x32 ./rt-thread/src/scheduler.o
                0x0000000000001f62                rt_system_scheduler_init
 .text.rt_system_scheduler_start
                0x0000000000001f94       0x2e ./rt-thread/src/scheduler.o
                0x0000000000001f94                rt_system_scheduler_start
 .text.rt_schedule_insert_thread
                0x0000000000001fc2       0x58 ./rt-thread/src/scheduler.o
                0x0000000000001fc2                rt_schedule_insert_thread
 .text.rt_schedule_remove_thread
                0x000000000000201a       0x5a ./rt-thread/src/scheduler.o
                0x000000000000201a                rt_schedule_remove_thread
 .text.rt_enter_critical
                0x0000000000002074       0x26 ./rt-thread/src/scheduler.o
                0x0000000000002074                rt_enter_critical
 .text.rt_exit_critical
                0x000000000000209a       0x50 ./rt-thread/src/scheduler.o
                0x000000000000209a                rt_exit_critical
 .text._thread_cleanup_execute
                0x00000000000020ea       0x2e ./rt-thread/src/thread.o
 .text.rt_thread_exit
                0x0000000000002118       0x6a ./rt-thread/src/thread.o
                0x0000000000002118                rt_thread_exit
 .text.rt_thread_timeout
                0x0000000000002182       0x28 ./rt-thread/src/thread.o
                0x0000000000002182                rt_thread_timeout
 .text.rt_thread_init
                0x00000000000021aa       0xa0 ./rt-thread/src/thread.o
                0x00000000000021aa                rt_thread_init
 .text.rt_thread_create
                0x000000000000224a       0xb8 ./rt-thread/src/thread.o
                0x000000000000224a                rt_thread_create
 .text.rt_thread_suspend
                0x0000000000002302       0x52 ./rt-thread/src/thread.o
                0x0000000000002302                rt_thread_suspend
 .text.rt_thread_sleep
                0x0000000000002354       0x5c ./rt-thread/src/thread.o
                0x0000000000002354                rt_thread_sleep
 .text.rt_thread_delay
                0x00000000000023b0        0x2 ./rt-thread/src/thread.o
                0x00000000000023b0                rt_thread_delay
 .text.rt_thread_mdelay
                0x00000000000023b2        0xe ./rt-thread/src/thread.o
                0x00000000000023b2                rt_thread_mdelay
 .text.rt_thread_resume
                0x00000000000023c0       0x50 ./rt-thread/src/thread.o
                0x00000000000023c0                rt_thread_resume
 .text.rt_thread_startup
                0x0000000000002410       0x36 ./rt-thread/src/thread.o
                0x0000000000002410                rt_thread_startup
 .text._rt_timer_remove.part.1
                0x0000000000002446        0xa ./rt-thread/src/timer.o
 .text.rt_timer_init
                0x0000000000002450       0x42 ./rt-thread/src/timer.o
                0x0000000000002450                rt_timer_init
 .text.rt_timer_detach
                0x0000000000002492       0x3e ./rt-thread/src/timer.o
                0x0000000000002492                rt_timer_detach
 .text.rt_timer_start
                0x00000000000024d0       0x8e ./rt-thread/src/timer.o
                0x00000000000024d0                rt_timer_start
 .text.rt_timer_stop
                0x000000000000255e       0x44 ./rt-thread/src/timer.o
                0x000000000000255e                rt_timer_stop
 .text.rt_timer_control
                0x00000000000025a2       0x74 ./rt-thread/src/timer.o
                0x00000000000025a2                rt_timer_control
 .text.rt_system_timer_init
                0x0000000000002616        0xa ./rt-thread/src/timer.o
                0x0000000000002616                rt_system_timer_init
 .text.rt_system_timer_thread_init
                0x0000000000002620        0x2 ./rt-thread/src/timer.o
                0x0000000000002620                rt_system_timer_thread_init
 .text.rt_hw_stack_init
                0x0000000000002622       0x2c ./rt-thread/libcpu/WCH/Qingke_V4A/cpuport.o
                0x0000000000002622                rt_hw_stack_init
 .text.hello    0x000000000000264e       0x18 ./rt-thread/components/finsh/cmd.o
                0x000000000000264e                hello
 .text.show_wait_queue
                0x0000000000002666       0x4c ./rt-thread/components/finsh/cmd.o
 .text.version  0x00000000000026b2       0x10 ./rt-thread/components/finsh/cmd.o
                0x00000000000026b2                version
 .text.list     0x00000000000026c2       0x6a ./rt-thread/components/finsh/cmd.o
                0x00000000000026c2                list
 .text.list_get_next
                0x000000000000272c       0x9a ./rt-thread/components/finsh/cmd.o
 .text.object_split.constprop.2
                0x00000000000027c6       0x28 ./rt-thread/components/finsh/cmd.o
 .text.list_mailbox
                0x00000000000027ee      0x126 ./rt-thread/components/finsh/cmd.o
                0x00000000000027ee                list_mailbox
 .text.list_device
                0x0000000000002914       0xf2 ./rt-thread/components/finsh/cmd.o
                0x0000000000002914                list_device
 .text.list_timer
                0x0000000000002a06      0x104 ./rt-thread/components/finsh/cmd.o
                0x0000000000002a06                list_timer
 .text.list_thread
                0x0000000000002b0a      0x180 ./rt-thread/components/finsh/cmd.o
                0x0000000000002b0a                list_thread
 .text.list_sem
                0x0000000000002c8a      0x12a ./rt-thread/components/finsh/cmd.o
                0x0000000000002c8a                list_sem
 .text.msh_help
                0x0000000000002db4       0x78 ./rt-thread/components/finsh/msh.o
                0x0000000000002db4                msh_help
 .text.cmd_ps   0x0000000000002e2c        0xe ./rt-thread/components/finsh/msh.o
                0x0000000000002e2c                cmd_ps
 .text.cmd_free
                0x0000000000002e3a       0x10 ./rt-thread/components/finsh/msh.o
                0x0000000000002e3a                cmd_free
 .text.msh_is_used
                0x0000000000002e4a        0x4 ./rt-thread/components/finsh/msh.o
                0x0000000000002e4a                msh_is_used
 .text.msh_exec
                0x0000000000002e4e      0x1ce ./rt-thread/components/finsh/msh.o
                0x0000000000002e4e                msh_exec
 .text.msh_auto_complete
                0x000000000000301c       0xe4 ./rt-thread/components/finsh/msh.o
                0x000000000000301c                msh_auto_complete
 .text.finsh_rx_ind
                0x0000000000003100       0x16 ./rt-thread/components/finsh/shell.o
 .text.finsh_system_init
                0x0000000000003116       0xb2 ./rt-thread/components/finsh/shell.o
                0x0000000000003116                finsh_system_init
 .text.finsh_get_prompt
                0x00000000000031c8       0x68 ./rt-thread/components/finsh/shell.o
                0x00000000000031c8                finsh_get_prompt
 .text.finsh_set_device
                0x0000000000003230       0x82 ./rt-thread/components/finsh/shell.o
                0x0000000000003230                finsh_set_device
 .text.finsh_thread_entry
                0x00000000000032b2      0x324 ./rt-thread/components/finsh/shell.o
                0x00000000000032b2                finsh_thread_entry
 .text.rt_ringbuffer_init
                0x00000000000035d6        0xe ./rt-thread/components/drivers/ipc/ringbuffer.o
                0x00000000000035d6                rt_ringbuffer_init
 .text.rt_ringbuffer_data_len
                0x00000000000035e4       0x38 ./rt-thread/components/drivers/ipc/ringbuffer.o
                0x00000000000035e4                rt_ringbuffer_data_len
 .text.rt_ringbuffer_putchar
                0x000000000000361c       0x68 ./rt-thread/components/drivers/ipc/ringbuffer.o
                0x000000000000361c                rt_ringbuffer_putchar
 .text.rt_ringbuffer_getchar
                0x0000000000003684       0x76 ./rt-thread/components/drivers/ipc/ringbuffer.o
                0x0000000000003684                rt_ringbuffer_getchar
 .text.rt_device_find
                0x00000000000036fa        0x6 ./rt-thread/components/device/device.o
                0x00000000000036fa                rt_device_find
 .text.rt_device_open
                0x0000000000003700       0x96 ./rt-thread/components/device/device.o
                0x0000000000003700                rt_device_open
 .text.rt_device_close
                0x0000000000003796       0x44 ./rt-thread/components/device/device.o
                0x0000000000003796                rt_device_close
 .text.rt_device_read
                0x00000000000037da       0x2a ./rt-thread/components/device/device.o
                0x00000000000037da                rt_device_read
 .text.rt_device_write
                0x0000000000003804       0x2a ./rt-thread/components/device/device.o
                0x0000000000003804                rt_device_write
 .text.rt_device_set_rx_indicate
                0x000000000000382e        0x6 ./rt-thread/components/device/device.o
                0x000000000000382e                rt_device_set_rx_indicate
 .text.usart_init
                0x0000000000003834       0x72 ./rt-thread/bsp/usart/drv_usart.o
                0x0000000000003834                usart_init
 .text.rt_hw_console_output
                0x00000000000038a6       0x4e ./rt-thread/bsp/usart/drv_usart.o
                0x00000000000038a6                rt_hw_console_output
 .text.rt_hw_console_getchar
                0x00000000000038f4       0x24 ./rt-thread/bsp/usart/drv_usart.o
                0x00000000000038f4                rt_hw_console_getchar
 .text._SysTick_Config
                0x0000000000003918       0x40 ./rt-thread/bsp/board.o
                0x0000000000003918                _SysTick_Config
 .text.rt_heap_begin_get
                0x0000000000003958        0xa ./rt-thread/bsp/board.o
                0x0000000000003958                rt_heap_begin_get
 .text.rt_heap_end_get
                0x0000000000003962        0xa ./rt-thread/bsp/board.o
                0x0000000000003962                rt_heap_end_get
 .text.rt_hw_board_init
                0x000000000000396c       0x36 ./rt-thread/bsp/board.o
                0x000000000000396c                rt_hw_board_init
 .text.GPIOA_ModeCfg
                0x00000000000039a2       0xa6 ./StdPeriphDriver/CH58x_gpio.o
                0x00000000000039a2                GPIOA_ModeCfg
 .text.GPIOA_ITModeCfg
                0x0000000000003a48       0x82 ./StdPeriphDriver/CH58x_gpio.o
                0x0000000000003a48                GPIOA_ITModeCfg
 .text.GetSysClock
                0x0000000000003aca       0x42 ./StdPeriphDriver/CH58x_sys.o
                0x0000000000003aca                GetSysClock
 .text.UART1_BaudRateCfg
                0x0000000000003b0c       0x30 ./StdPeriphDriver/CH58x_uart1.o
                0x0000000000003b0c                UART1_BaudRateCfg
 .text.UART1_INTCfg
                0x0000000000003b3c       0x2a ./StdPeriphDriver/CH58x_uart1.o
                0x0000000000003b3c                UART1_INTCfg
 .text.memcpy   0x0000000000003b66       0xb6 c:/mounriver/mounriver_studio/toolchain/risc-v embedded gcc/bin/../lib/gcc/riscv-none-embed/8.2.0/../../../../riscv-none-embed/lib/rv32imac/ilp32\libg_nano.a(lib_a-memcpy.o)
                0x0000000000003b66                memcpy
 .text.strcat   0x0000000000003c1c       0x20 c:/mounriver/mounriver_studio/toolchain/risc-v embedded gcc/bin/../lib/gcc/riscv-none-embed/8.2.0/../../../../riscv-none-embed/lib/rv32imac/ilp32\libg_nano.a(lib_a-strcat.o)
                0x0000000000003c1c                strcat
 .text.strcpy   0x0000000000003c3c       0x12 c:/mounriver/mounriver_studio/toolchain/risc-v embedded gcc/bin/../lib/gcc/riscv-none-embed/8.2.0/../../../../riscv-none-embed/lib/rv32imac/ilp32\libg_nano.a(lib_a-strcpy.o)
                0x0000000000003c3c                strcpy
 .text.strlen   0x0000000000003c4e       0x12 c:/mounriver/mounriver_studio/toolchain/risc-v embedded gcc/bin/../lib/gcc/riscv-none-embed/8.2.0/../../../../riscv-none-embed/lib/rv32imac/ilp32\libg_nano.a(lib_a-strlen.o)
                0x0000000000003c4e                strlen
 .text.strncmp  0x0000000000003c60       0x2c c:/mounriver/mounriver_studio/toolchain/risc-v embedded gcc/bin/../lib/gcc/riscv-none-embed/8.2.0/../../../../riscv-none-embed/lib/rv32imac/ilp32\libg_nano.a(lib_a-strncmp.o)
                0x0000000000003c60                strncmp
 .text.strncpy  0x0000000000003c8c       0x24 c:/mounriver/mounriver_studio/toolchain/risc-v embedded gcc/bin/../lib/gcc/riscv-none-embed/8.2.0/../../../../riscv-none-embed/lib/rv32imac/ilp32\libg_nano.a(lib_a-strncpy.o)
                0x0000000000003c8c                strncpy
 *(.rodata)
 *(.rodata*)
 .rodata.main.str1.4
                0x0000000000003cb0       0x16 ./src/main.o
 *fill*         0x0000000000003cc6        0x2 
 .rodata.msh_test_print.str1.4
                0x0000000000003cc8       0x19 ./src/main.o
 *fill*         0x0000000000003ce1        0x3 
 .rodata.name   0x0000000000003ce4       0x29 ./src/main.o
                0x0000000000003ce4                __fsym___cmd_msh_test_print_desc
                0x0000000000003cf8                __fsym___cmd_msh_test_print_name
 *fill*         0x0000000000003d0d        0x3 
 .rodata.task1_entry.str1.4
                0x0000000000003d10        0x8 ./src/main.o
 .rodata.task2_entry.str1.4
                0x0000000000003d18        0x8 ./src/main.o
 .rodata.task3_entry.str1.4
                0x0000000000003d20       0x30 ./src/main.o
 .rodata.rt_application_init.str1.4
                0x0000000000003d50        0x5 ./rt-thread/src/components.o
 *fill*         0x0000000000003d55        0x3 
 .rodata.rt_thread_idle_init.str1.4
                0x0000000000003d58        0x6 ./rt-thread/src/idle.o
 *fill*         0x0000000000003d5e        0x2 
 .rodata.__lowest_bit_bitmap
                0x0000000000003d60      0x100 ./rt-thread/src/kservice.o
                0x0000000000003d60                __lowest_bit_bitmap
 .rodata.large_digits.2376
                0x0000000000003e60       0x11 ./rt-thread/src/kservice.o
 *fill*         0x0000000000003e71        0x3 
 .rodata.rt_show_version.str1.4
                0x0000000000003e74       0x86 ./rt-thread/src/kservice.o
 *fill*         0x0000000000003efa        0x2 
 .rodata.rt_vsnprintf.str1.4
                0x0000000000003efc        0x7 ./rt-thread/src/kservice.o
 *fill*         0x0000000000003f03        0x1 
 .rodata.small_digits.2375
                0x0000000000003f04       0x11 ./rt-thread/src/kservice.o
 *fill*         0x0000000000003f15        0x3 
 .rodata.list_mem.str1.4
                0x0000000000003f18       0x46 ./rt-thread/src/mem.o
 *fill*         0x0000000000003f5e        0x2 
 .rodata.name   0x0000000000003f60       0x29 ./rt-thread/src/mem.o
                0x0000000000003f60                __fsym_list_mem_desc
                0x0000000000003f80                __fsym_list_mem_name
 *fill*         0x0000000000003f89        0x3 
 .rodata.rt_free.str1.4
                0x0000000000003f8c       0x4c ./rt-thread/src/mem.o
 .rodata.rt_system_heap_init.str1.4
                0x0000000000003fd8       0x42 ./rt-thread/src/mem.o
 *fill*         0x000000000000401a        0x2 
 .rodata.rt_timer_control
                0x000000000000401c       0x14 ./rt-thread/src/timer.o
 .rodata.device_type_str
                0x0000000000004030       0x58 ./rt-thread/components/finsh/cmd.o
 .rodata.hello.str1.4
                0x0000000000004088       0x12 ./rt-thread/components/finsh/cmd.o
 *fill*         0x000000000000409a        0x2 
 .rodata.list.str1.4
                0x000000000000409c       0x25 ./rt-thread/components/finsh/cmd.o
 *fill*         0x00000000000040c1        0x3 
 .rodata.list_device.str1.4
                0x00000000000040c4       0x6f ./rt-thread/components/finsh/cmd.o
 *fill*         0x0000000000004133        0x1 
 .rodata.list_mailbox.str1.4
                0x0000000000004134       0x76 ./rt-thread/components/finsh/cmd.o
                                         0x7a (size before relaxing)
 *fill*         0x00000000000041aa        0x2 
 .rodata.list_sem.str1.4
                0x00000000000041ac       0x60 ./rt-thread/components/finsh/cmd.o
 .rodata.list_thread.str1.4
                0x000000000000420c       0xfc ./rt-thread/components/finsh/cmd.o
 .rodata.list_timer.str1.4
                0x0000000000004308       0x9d ./rt-thread/components/finsh/cmd.o
 *fill*         0x00000000000043a5        0x3 
 .rodata.name   0x00000000000043a8      0x21a ./rt-thread/components/finsh/cmd.o
                0x00000000000043a8                __fsym_list_desc
                0x00000000000043c4                __fsym_list_name
                0x00000000000043cc                __fsym___cmd_list_device_desc
                0x00000000000043e4                __fsym___cmd_list_device_name
                0x00000000000043f8                __fsym_list_device_desc
                0x0000000000004410                __fsym_list_device_name
                0x000000000000441c                __fsym___cmd_list_timer_desc
                0x0000000000004434                __fsym___cmd_list_timer_name
                0x0000000000004448                __fsym_list_timer_desc
                0x0000000000004460                __fsym_list_timer_name
                0x000000000000446c                __fsym___cmd_list_mailbox_desc
                0x0000000000004484                __fsym___cmd_list_mailbox_name
                0x0000000000004498                __fsym_list_mailbox_desc
                0x00000000000044b0                __fsym_list_mailbox_name
                0x00000000000044c0                __fsym___cmd_list_sem_desc
                0x00000000000044dc                __fsym___cmd_list_sem_name
                0x00000000000044ec                __fsym_list_sem_desc
                0x0000000000004508                __fsym_list_sem_name
                0x0000000000004514                __fsym___cmd_list_thread_desc
                0x0000000000004520                __fsym___cmd_list_thread_name
                0x0000000000004534                __fsym_list_thread_desc
                0x0000000000004540                __fsym_list_thread_name
                0x000000000000454c                __fsym___cmd_version_desc
                0x0000000000004570                __fsym___cmd_version_name
                0x0000000000004580                __fsym_version_desc
                0x00000000000045a4                __fsym_version_name
                0x00000000000045ac                __fsym_hello_desc
                0x00000000000045bc                __fsym_hello_name
 *fill*         0x00000000000045c2        0x2 
 .rodata.object_split.constprop.2.str1.4
                0x00000000000045c4        0x2 ./rt-thread/components/finsh/cmd.o
 *fill*         0x00000000000045c6        0x2 
 .rodata.show_wait_queue.str1.4
                0x00000000000045c8        0x6 ./rt-thread/components/finsh/cmd.o
 *fill*         0x00000000000045ce        0x2 
 .rodata.str1.4
                0x00000000000045d0      0x131 ./rt-thread/components/finsh/cmd.o
 .rodata.msh_auto_complete.str1.4
                0x0000000000004701      0x131 ./rt-thread/components/finsh/msh.o
                                          0x4 (size before relaxing)
 *fill*         0x0000000000004701        0x3 
 .rodata.msh_exec.str1.4
                0x0000000000004704       0x3c ./rt-thread/components/finsh/msh.o
 .rodata.msh_help.str1.4
                0x0000000000004740       0x30 ./rt-thread/components/finsh/msh.o
                                         0x32 (size before relaxing)
 .rodata.name   0x0000000000004770       0x7f ./rt-thread/components/finsh/msh.o
                0x0000000000004770                __fsym___cmd_free_desc
                0x0000000000004798                __fsym___cmd_free_name
                0x00000000000047a4                __fsym___cmd_ps_desc
                0x00000000000047c0                __fsym___cmd_ps_name
                0x00000000000047cc                __fsym___cmd_help_desc
                0x00000000000047e4                __fsym___cmd_help_name
 *fill*         0x00000000000047ef        0x1 
 .rodata.finsh_get_prompt.str1.4
                0x00000000000047f0       0x12 ./rt-thread/components/finsh/shell.o
 *fill*         0x0000000000004802        0x2 
 .rodata.finsh_set_device.str1.4
                0x0000000000004804       0x20 ./rt-thread/components/finsh/shell.o
 .rodata.finsh_system_init.str1.4
                0x0000000000004824       0x25 ./rt-thread/components/finsh/shell.o
 *fill*         0x0000000000004849        0x3 
 .rodata.finsh_thread_entry.str1.4
                0x000000000000484c       0x1c ./rt-thread/components/finsh/shell.o
                                         0x23 (size before relaxing)
 .rodata.rt_device_init.str1.4
                0x0000000000004868       0x38 ./rt-thread/components/device/device.o
                                         0x36 (size before relaxing)
 .rodata.GPIOA_ModeCfg
                0x00000000000048a0       0x14 ./StdPeriphDriver/CH58x_gpio.o
 *(.sdata2.*)
 *(.glue_7)
 *(.glue_7t)
 *(.gnu.linkonce.t.*)
                0x00000000000048b4                . = ALIGN (0x4)
                0x00000000000048b4                __fsymtab_start = .
 *(FSymTab)
 FSymTab        0x00000000000048b4        0xc ./src/main.o
                0x00000000000048b4                __fsym___cmd_msh_test_print
 FSymTab        0x00000000000048c0        0xc ./rt-thread/src/mem.o
                0x00000000000048c0                __fsym_list_mem
 FSymTab        0x00000000000048cc       0xa8 ./rt-thread/components/finsh/cmd.o
                0x00000000000048cc                __fsym_list
                0x00000000000048d8                __fsym___cmd_list_device
                0x00000000000048e4                __fsym_list_device
                0x00000000000048f0                __fsym___cmd_list_timer
                0x00000000000048fc                __fsym_list_timer
                0x0000000000004908                __fsym___cmd_list_mailbox
                0x0000000000004914                __fsym_list_mailbox
                0x0000000000004920                __fsym___cmd_list_sem
                0x000000000000492c                __fsym_list_sem
                0x0000000000004938                __fsym___cmd_list_thread
                0x0000000000004944                __fsym_list_thread
                0x0000000000004950                __fsym___cmd_version
                0x000000000000495c                __fsym_version
                0x0000000000004968                __fsym_hello
 FSymTab        0x0000000000004974       0x24 ./rt-thread/components/finsh/msh.o
                0x0000000000004974                __fsym___cmd_free
                0x0000000000004980                __fsym___cmd_ps
                0x000000000000498c                __fsym___cmd_help
                0x0000000000004998                __fsymtab_end = .
                0x0000000000004998                . = ALIGN (0x4)
                0x0000000000004998                __vsymtab_start = .
 *(VSymTab)
                0x0000000000004998                __vsymtab_end = .
                0x0000000000004998                . = ALIGN (0x4)
                0x0000000000004998                . = ALIGN (0x4)
                0x0000000000004998                __rt_init_start = .
 *(SORT_BY_NAME(.rti_fn*))
 .rti_fn.0      0x0000000000004998        0x4 ./rt-thread/src/components.o
                0x0000000000004998                __rt_init_rti_start
 .rti_fn.0.end  0x000000000000499c        0x4 ./rt-thread/src/components.o
                0x000000000000499c                __rt_init_rti_board_start
 .rti_fn.1      0x00000000000049a0        0x4 ./rt-thread/bsp/usart/drv_usart.o
                0x00000000000049a0                __rt_init_usart_init
 .rti_fn.1.end  0x00000000000049a4        0x4 ./rt-thread/src/components.o
                0x00000000000049a4                __rt_init_rti_board_end
 .rti_fn.6      0x00000000000049a8        0x4 ./rt-thread/components/finsh/shell.o
                0x00000000000049a8                __rt_init_finsh_system_init
 .rti_fn.6.end  0x00000000000049ac        0x4 ./rt-thread/src/components.o
                0x00000000000049ac                __rt_init_rti_end
                0x00000000000049b0                __rt_init_end = .
                0x00000000000049b0                . = ALIGN (0x4)
                0x00000000000049b0                . = ALIGN (0x4)
                0x00000000000049b0                __rtmsymtab_start = .
 *(RTMSymTab)
                0x00000000000049b0                __rtmsymtab_end = .
                0x00000000000049b0                . = ALIGN (0x4)
                0x00000000000049b0                . = ALIGN (0x4)

.rela.dyn       0x00000000000049b0        0x0
 .rela.text.rt_set_errno
                0x00000000000049b0        0x0 ./src/main.o
 .relawch_user_vectors
                0x00000000000049b0        0x0 ./src/main.o
 .rela.highcode
                0x00000000000049b0        0x0 ./src/main.o
 .rela.text.finsh_system_init
                0x00000000000049b0        0x0 ./src/main.o
 .rela.text.rt_hw_board_init
                0x00000000000049b0        0x0 ./src/main.o
 .rela.init     0x00000000000049b0        0x0 ./src/main.o
 .rela.vector   0x00000000000049b0        0x0 ./src/main.o
 .rela.handle_reset
                0x00000000000049b0        0x0 ./src/main.o

.fini           0x00000000000049b0        0x0
 *(SORT_NONE(.fini))
                0x00000000000049b0                . = ALIGN (0x4)
                [!provide]                        PROVIDE (_etext = .)
                [!provide]                        PROVIDE (_eitcm = .)

.preinit_array  0x00000000000049b0        0x0
                [!provide]                        PROVIDE (__preinit_array_start = .)
 *(.preinit_array)
                [!provide]                        PROVIDE (__preinit_array_end = .)

.init_array     0x00000000000049b0        0x0
                [!provide]                        PROVIDE (__init_array_start = .)
 *(SORT_BY_INIT_PRIORITY(.init_array.*) SORT_BY_INIT_PRIORITY(.ctors.*))
 *(.init_array EXCLUDE_FILE(*crtend?.o *crtend.o *crtbegin?.o *crtbegin.o) .ctors)
                [!provide]                        PROVIDE (__init_array_end = .)

.fini_array     0x00000000000049b0        0x0
                [!provide]                        PROVIDE (__fini_array_start = .)
 *(SORT_BY_INIT_PRIORITY(.fini_array.*) SORT_BY_INIT_PRIORITY(.dtors.*))
 *(.fini_array EXCLUDE_FILE(*crtend?.o *crtend.o *crtbegin?.o *crtbegin.o) .dtors)
                [!provide]                        PROVIDE (__fini_array_end = .)

.ctors
 *crtbegin.o(.ctors)
 *crtbegin?.o(.ctors)
 *(EXCLUDE_FILE(*crtend?.o *crtend.o) .ctors)
 *(SORT_BY_NAME(.ctors.*))
 *(.ctors)

.dtors
 *crtbegin.o(.dtors)
 *crtbegin?.o(.dtors)
 *(EXCLUDE_FILE(*crtend?.o *crtend.o) .dtors)
 *(SORT_BY_NAME(.dtors.*))
 *(.dtors)

.dalign         0x0000000020000cc0        0x0 load address 0x00000000000049b0
                0x0000000020000cc0                . = (ORIGIN (RAM) + MAX (0x800, SIZEOF (.highcode)))

.dlalign        0x00000000000049b0        0x0
                0x00000000000049b0                . = ALIGN (0x4)
                0x00000000000049b0                PROVIDE (_data_lma = .)

.data           0x0000000020000cc0       0x50 load address 0x00000000000049b0
                0x0000000020000cc0                . = ALIGN (0x4)
                0x0000000020000cc0                PROVIDE (_data_vma = .)
 *(.gnu.linkonce.r.*)
 *(.data .data.*)
 .data.rt_object_container
                0x0000000020000cc0       0x50 ./rt-thread/src/object.o
 *(.gnu.linkonce.d.*)
                0x0000000020000d10                . = ALIGN (0x8)
 *fill*         0x0000000020000d10        0x0 
                0x0000000020001510                PROVIDE (__global_pointer$ = (. + 0x800))
 *(.sdata .sdata.*)
 *(.gnu.linkonce.s.*)
                0x0000000020000d10                . = ALIGN (0x8)
 *(.srodata.cst16)
 *(.srodata.cst8)
 *(.srodata.cst4)
 *(.srodata.cst2)
 *(.srodata .srodata.*)
                0x0000000020000d10                . = ALIGN (0x4)
                0x0000000020000d10                PROVIDE (_edata = .)

.bss            0x0000000020000d10     0x1c44 load address 0x0000000000004a00
                0x0000000020000d10                . = ALIGN (0x4)
                0x0000000020000d10                PROVIDE (_sbss = .)
 *(.sbss*)
 .sbss.gpioa_sem
                0x0000000020000d10        0x4 ./src/main.o
 .sbss.rt_tick  0x0000000020000d14        0x4 ./rt-thread/src/clock.o
 .sbss.rt_interrupt_nest
                0x0000000020000d18        0x1 ./rt-thread/src/irq.o
                0x0000000020000d18                rt_interrupt_nest
 *fill*         0x0000000020000d19        0x3 
 .sbss.__rt_errno
                0x0000000020000d1c        0x4 ./rt-thread/src/kservice.o
 .sbss._console_device
                0x0000000020000d20        0x4 ./rt-thread/src/kservice.o
 .sbss.heap_end
                0x0000000020000d24        0x4 ./rt-thread/src/mem.o
 .sbss.heap_ptr
                0x0000000020000d28        0x4 ./rt-thread/src/mem.o
 .sbss.lfree    0x0000000020000d2c        0x4 ./rt-thread/src/mem.o
 .sbss.max_mem  0x0000000020000d30        0x4 ./rt-thread/src/mem.o
 .sbss.mem_size_aligned
                0x0000000020000d34        0x4 ./rt-thread/src/mem.o
 .sbss.used_mem
                0x0000000020000d38        0x4 ./rt-thread/src/mem.o
 .sbss.rt_current_priority
                0x0000000020000d3c        0x1 ./rt-thread/src/scheduler.o
                0x0000000020000d3c                rt_current_priority
 *fill*         0x0000000020000d3d        0x3 
 .sbss.rt_current_thread
                0x0000000020000d40        0x4 ./rt-thread/src/scheduler.o
                0x0000000020000d40                rt_current_thread
 .sbss.rt_scheduler_lock_nest
                0x0000000020000d44        0x2 ./rt-thread/src/scheduler.o
 *fill*         0x0000000020000d46        0x2 
 .sbss.rt_thread_defunct
                0x0000000020000d48        0x8 ./rt-thread/src/scheduler.o
                0x0000000020000d48                rt_thread_defunct
 .sbss.rt_thread_ready_priority_group
                0x0000000020000d50        0x4 ./rt-thread/src/scheduler.o
                0x0000000020000d50                rt_thread_ready_priority_group
 .sbss.random_nr.2262
                0x0000000020000d54        0x4 ./rt-thread/src/timer.o
 .sbss.rt_timer_list
                0x0000000020000d58        0x8 ./rt-thread/src/timer.o
 .sbss.rt_interrupt_from_thread
                0x0000000020000d60        0x4 ./rt-thread/libcpu/WCH/Qingke_V4A/cpuport.o
                0x0000000020000d60                rt_interrupt_from_thread
 .sbss.rt_interrupt_to_thread
                0x0000000020000d64        0x4 ./rt-thread/libcpu/WCH/Qingke_V4A/cpuport.o
                0x0000000020000d64                rt_interrupt_to_thread
 .sbss.rt_thread_switch_interrupt_flag
                0x0000000020000d68        0x4 ./rt-thread/libcpu/WCH/Qingke_V4A/cpuport.o
                0x0000000020000d68                rt_thread_switch_interrupt_flag
 .sbss._syscall_table_begin
                0x0000000020000d6c        0x4 ./rt-thread/components/finsh/shell.o
                0x0000000020000d6c                _syscall_table_begin
 .sbss._syscall_table_end
                0x0000000020000d70        0x4 ./rt-thread/components/finsh/shell.o
                0x0000000020000d70                _syscall_table_end
 .sbss._sysvar_table_begin
                0x0000000020000d74        0x4 ./rt-thread/components/finsh/shell.o
                0x0000000020000d74                _sysvar_table_begin
 .sbss._sysvar_table_end
                0x0000000020000d78        0x4 ./rt-thread/components/finsh/shell.o
                0x0000000020000d78                _sysvar_table_end
 .sbss.finsh_prompt_custom
                0x0000000020000d7c        0x4 ./rt-thread/components/finsh/shell.o
 .sbss.shell    0x0000000020000d80        0x4 ./rt-thread/components/finsh/shell.o
                0x0000000020000d80                shell
 *(.gnu.linkonce.sb.*)
 *(.bss*)
 .bss.task1_stack
                0x0000000020000d84      0x200 ./src/main.o
 .bss.task1_thread
                0x0000000020000f84       0x78 ./src/main.o
 .bss.task2_stack
                0x0000000020000ffc      0x200 ./src/main.o
 .bss.task2_thread
                0x00000000200011fc       0x78 ./src/main.o
 .bss.task3_stack
                0x0000000020001274      0x200 ./src/main.o
 .bss.task3_thread
                0x0000000020001474       0x78 ./src/main.o
 .bss.idle      0x00000000200014ec       0x78 ./rt-thread/src/idle.o
 .bss.rt_thread_stack
                0x0000000020001564      0x200 ./rt-thread/src/idle.o
 .bss.rt_log_buf.2489
                0x0000000020001764       0x80 ./rt-thread/src/kservice.o
 .bss.heap_sem  0x00000000200017e4       0x20 ./rt-thread/src/mem.o
 .bss.rt_thread_priority_table
                0x0000000020001804       0x40 ./rt-thread/src/scheduler.o
                0x0000000020001804                rt_thread_priority_table
 .bss.finsh_prompt.4120
                0x0000000020001844       0x81 ./rt-thread/components/finsh/shell.o
 *fill*         0x00000000200018c5        0x3 
 .bss.rt_uart_buffer
                0x00000000200018c8       0x80 ./rt-thread/bsp/usart/drv_usart.o
                0x00000000200018c8                rt_uart_buffer
 .bss.rt_uart_ringbuf
                0x0000000020001948        0xc ./rt-thread/bsp/usart/drv_usart.o
 .bss.rt_heap   0x0000000020001954     0x1000 ./rt-thread/bsp/board.o
 *(.gnu.linkonce.b.*)
 *(COMMON*)
                0x0000000020002954                . = ALIGN (0x4)
                0x0000000020002954                PROVIDE (_ebss = .)
                [!provide]                        PROVIDE (_end = _ebss)
                0x0000000020002954                PROVIDE (end = .)

.stack          0x0000000020008000        0x0
                0x0000000020008000                . = ALIGN (0x4)
                0x0000000020008000                PROVIDE (_eusrstack = .)
OUTPUT(rt-thread-nano.elf elf32-littleriscv)

.debug_info     0x0000000000000000    0x16df9
 .debug_info    0x0000000000000000     0x17d2 ./src/main.o
 .debug_info    0x00000000000017d2      0x4cf ./rt-thread/src/clock.o
 .debug_info    0x0000000000001ca1      0x65e ./rt-thread/src/components.o
 .debug_info    0x00000000000022ff      0x5ed ./rt-thread/src/idle.o
 .debug_info    0x00000000000028ec     0x13af ./rt-thread/src/ipc.o
 .debug_info    0x0000000000003c9b      0x18c ./rt-thread/src/irq.o
 .debug_info    0x0000000000003e27     0x15b9 ./rt-thread/src/kservice.o
 .debug_info    0x00000000000053e0     0x1251 ./rt-thread/src/mem.o
 .debug_info    0x0000000000006631      0x922 ./rt-thread/src/object.o
 .debug_info    0x0000000000006f53      0x7b8 ./rt-thread/src/scheduler.o
 .debug_info    0x000000000000770b     0x12a6 ./rt-thread/src/thread.o
 .debug_info    0x00000000000089b1      0xd22 ./rt-thread/src/timer.o
 .debug_info    0x00000000000096d3       0x26 ./rt-thread/libcpu/WCH/Qingke_V4A/context_gcc.o
 .debug_info    0x00000000000096f9     0x1350 ./rt-thread/libcpu/WCH/Qingke_V4A/cpuport.o
 .debug_info    0x000000000000aa49       0x26 ./rt-thread/libcpu/WCH/Qingke_V4A/interrupt_gcc.o
 .debug_info    0x000000000000aa6f     0x2547 ./rt-thread/components/finsh/cmd.o
 .debug_info    0x000000000000cfb6     0x1290 ./rt-thread/components/finsh/msh.o
 .debug_info    0x000000000000e246     0x1a76 ./rt-thread/components/finsh/shell.o
 .debug_info    0x000000000000fcbc     0x104c ./rt-thread/components/drivers/ipc/ringbuffer.o
 .debug_info    0x0000000000010d08      0x9e2 ./rt-thread/components/device/device.o
 .debug_info    0x00000000000116ea     0x133f ./rt-thread/bsp/usart/drv_usart.o
 .debug_info    0x0000000000012a29     0x1291 ./rt-thread/bsp/board.o
 .debug_info    0x0000000000013cba      0xe62 ./StdPeriphDriver/CH58x_gpio.o
 .debug_info    0x0000000000014b1c     0x1481 ./StdPeriphDriver/CH58x_sys.o
 .debug_info    0x0000000000015f9d      0xe3a ./StdPeriphDriver/CH58x_uart1.o
 .debug_info    0x0000000000016dd7       0x22 ./Startup/startup_CH583.o

.debug_abbrev   0x0000000000000000     0x4c01
 .debug_abbrev  0x0000000000000000      0x392 ./src/main.o
 .debug_abbrev  0x0000000000000392      0x1d2 ./rt-thread/src/clock.o
 .debug_abbrev  0x0000000000000564      0x236 ./rt-thread/src/components.o
 .debug_abbrev  0x000000000000079a      0x24f ./rt-thread/src/idle.o
 .debug_abbrev  0x00000000000009e9      0x38f ./rt-thread/src/ipc.o
 .debug_abbrev  0x0000000000000d78      0x113 ./rt-thread/src/irq.o
 .debug_abbrev  0x0000000000000e8b      0x449 ./rt-thread/src/kservice.o
 .debug_abbrev  0x00000000000012d4      0x3be ./rt-thread/src/mem.o
 .debug_abbrev  0x0000000000001692      0x2b0 ./rt-thread/src/object.o
 .debug_abbrev  0x0000000000001942      0x2ac ./rt-thread/src/scheduler.o
 .debug_abbrev  0x0000000000001bee      0x3c4 ./rt-thread/src/thread.o
 .debug_abbrev  0x0000000000001fb2      0x429 ./rt-thread/src/timer.o
 .debug_abbrev  0x00000000000023db       0x14 ./rt-thread/libcpu/WCH/Qingke_V4A/context_gcc.o
 .debug_abbrev  0x00000000000023ef      0x363 ./rt-thread/libcpu/WCH/Qingke_V4A/cpuport.o
 .debug_abbrev  0x0000000000002752       0x14 ./rt-thread/libcpu/WCH/Qingke_V4A/interrupt_gcc.o
 .debug_abbrev  0x0000000000002766      0x4cd ./rt-thread/components/finsh/cmd.o
 .debug_abbrev  0x0000000000002c33      0x42d ./rt-thread/components/finsh/msh.o
 .debug_abbrev  0x0000000000003060      0x580 ./rt-thread/components/finsh/shell.o
 .debug_abbrev  0x00000000000035e0      0x42c ./rt-thread/components/drivers/ipc/ringbuffer.o
 .debug_abbrev  0x0000000000003a0c      0x292 ./rt-thread/components/device/device.o
 .debug_abbrev  0x0000000000003c9e      0x37b ./rt-thread/bsp/usart/drv_usart.o
 .debug_abbrev  0x0000000000004019      0x332 ./rt-thread/bsp/board.o
 .debug_abbrev  0x000000000000434b      0x268 ./StdPeriphDriver/CH58x_gpio.o
 .debug_abbrev  0x00000000000045b3      0x392 ./StdPeriphDriver/CH58x_sys.o
 .debug_abbrev  0x0000000000004945      0x2aa ./StdPeriphDriver/CH58x_uart1.o
 .debug_abbrev  0x0000000000004bef       0x12 ./Startup/startup_CH583.o

.debug_loc      0x0000000000000000     0x6fc7
 .debug_loc     0x0000000000000000       0x97 ./src/main.o
 .debug_loc     0x0000000000000097       0xc6 ./rt-thread/src/clock.o
 .debug_loc     0x000000000000015d       0xa0 ./rt-thread/src/components.o
 .debug_loc     0x00000000000001fd       0x6a ./rt-thread/src/idle.o
 .debug_loc     0x0000000000000267      0xbe8 ./rt-thread/src/ipc.o
 .debug_loc     0x0000000000000e4f     0x189b ./rt-thread/src/kservice.o
 .debug_loc     0x00000000000026ea      0x556 ./rt-thread/src/mem.o
 .debug_loc     0x0000000000002c40      0x673 ./rt-thread/src/object.o
 .debug_loc     0x00000000000032b3      0x1ff ./rt-thread/src/scheduler.o
 .debug_loc     0x00000000000034b2      0x974 ./rt-thread/src/thread.o
 .debug_loc     0x0000000000003e26      0x850 ./rt-thread/src/timer.o
 .debug_loc     0x0000000000004676       0xe4 ./rt-thread/libcpu/WCH/Qingke_V4A/cpuport.o
 .debug_loc     0x000000000000475a      0xaa4 ./rt-thread/components/finsh/cmd.o
 .debug_loc     0x00000000000051fe      0x5ca ./rt-thread/components/finsh/msh.o
 .debug_loc     0x00000000000057c8      0x264 ./rt-thread/components/finsh/shell.o
 .debug_loc     0x0000000000005a2c      0x5a2 ./rt-thread/components/drivers/ipc/ringbuffer.o
 .debug_loc     0x0000000000005fce      0x6c1 ./rt-thread/components/device/device.o
 .debug_loc     0x000000000000668f       0xd3 ./rt-thread/bsp/usart/drv_usart.o
 .debug_loc     0x0000000000006762       0x9a ./rt-thread/bsp/board.o
 .debug_loc     0x00000000000067fc      0x361 ./StdPeriphDriver/CH58x_gpio.o
 .debug_loc     0x0000000000006b5d      0x27d ./StdPeriphDriver/CH58x_sys.o
 .debug_loc     0x0000000000006dda      0x1ed ./StdPeriphDriver/CH58x_uart1.o

.debug_aranges  0x0000000000000000      0xa00
 .debug_aranges
                0x0000000000000000       0x48 ./src/main.o
 .debug_aranges
                0x0000000000000048       0x40 ./rt-thread/src/clock.o
 .debug_aranges
                0x0000000000000088       0x50 ./rt-thread/src/components.o
 .debug_aranges
                0x00000000000000d8       0x40 ./rt-thread/src/idle.o
 .debug_aranges
                0x0000000000000118       0xb8 ./rt-thread/src/ipc.o
 .debug_aranges
                0x00000000000001d0       0x30 ./rt-thread/src/irq.o
 .debug_aranges
                0x0000000000000200      0x100 ./rt-thread/src/kservice.o
 .debug_aranges
                0x0000000000000300       0x58 ./rt-thread/src/mem.o
 .debug_aranges
                0x0000000000000358       0x78 ./rt-thread/src/object.o
 .debug_aranges
                0x00000000000003d0       0x70 ./rt-thread/src/scheduler.o
 .debug_aranges
                0x0000000000000440       0xb8 ./rt-thread/src/thread.o
 .debug_aranges
                0x00000000000004f8       0x88 ./rt-thread/src/timer.o
 .debug_aranges
                0x0000000000000580       0x20 ./rt-thread/libcpu/WCH/Qingke_V4A/context_gcc.o
 .debug_aranges
                0x00000000000005a0       0x38 ./rt-thread/libcpu/WCH/Qingke_V4A/cpuport.o
 .debug_aranges
                0x00000000000005d8       0x20 ./rt-thread/libcpu/WCH/Qingke_V4A/interrupt_gcc.o
 .debug_aranges
                0x00000000000005f8       0x78 ./rt-thread/components/finsh/cmd.o
 .debug_aranges
                0x0000000000000670       0x48 ./rt-thread/components/finsh/msh.o
 .debug_aranges
                0x00000000000006b8       0x80 ./rt-thread/components/finsh/shell.o
 .debug_aranges
                0x0000000000000738       0x78 ./rt-thread/components/drivers/ipc/ringbuffer.o
 .debug_aranges
                0x00000000000007b0       0x88 ./rt-thread/components/device/device.o
 .debug_aranges
                0x0000000000000838       0x38 ./rt-thread/bsp/usart/drv_usart.o
 .debug_aranges
                0x0000000000000870       0x40 ./rt-thread/bsp/board.o
 .debug_aranges
                0x00000000000008b0       0x48 ./StdPeriphDriver/CH58x_gpio.o
 .debug_aranges
                0x00000000000008f8       0x88 ./StdPeriphDriver/CH58x_sys.o
 .debug_aranges
                0x0000000000000980       0x50 ./StdPeriphDriver/CH58x_uart1.o
 .debug_aranges
                0x00000000000009d0       0x30 ./Startup/startup_CH583.o

.debug_ranges   0x0000000000000000     0x1000
 .debug_ranges  0x0000000000000000       0x58 ./src/main.o
 .debug_ranges  0x0000000000000058       0x30 ./rt-thread/src/clock.o
 .debug_ranges  0x0000000000000088       0x40 ./rt-thread/src/components.o
 .debug_ranges  0x00000000000000c8       0x70 ./rt-thread/src/idle.o
 .debug_ranges  0x0000000000000138      0x1a0 ./rt-thread/src/ipc.o
 .debug_ranges  0x00000000000002d8       0x20 ./rt-thread/src/irq.o
 .debug_ranges  0x00000000000002f8      0x140 ./rt-thread/src/kservice.o
 .debug_ranges  0x0000000000000438       0x68 ./rt-thread/src/mem.o
 .debug_ranges  0x00000000000004a0       0xa0 ./rt-thread/src/object.o
 .debug_ranges  0x0000000000000540       0x78 ./rt-thread/src/scheduler.o
 .debug_ranges  0x00000000000005b8      0x108 ./rt-thread/src/thread.o
 .debug_ranges  0x00000000000006c0      0x118 ./rt-thread/src/timer.o
 .debug_ranges  0x00000000000007d8       0x28 ./rt-thread/libcpu/WCH/Qingke_V4A/cpuport.o
 .debug_ranges  0x0000000000000800      0x310 ./rt-thread/components/finsh/cmd.o
 .debug_ranges  0x0000000000000b10      0x108 ./rt-thread/components/finsh/msh.o
 .debug_ranges  0x0000000000000c18      0x110 ./rt-thread/components/finsh/shell.o
 .debug_ranges  0x0000000000000d28       0xb8 ./rt-thread/components/drivers/ipc/ringbuffer.o
 .debug_ranges  0x0000000000000de0       0x78 ./rt-thread/components/device/device.o
 .debug_ranges  0x0000000000000e58       0x40 ./rt-thread/bsp/usart/drv_usart.o
 .debug_ranges  0x0000000000000e98       0x30 ./rt-thread/bsp/board.o
 .debug_ranges  0x0000000000000ec8       0x38 ./StdPeriphDriver/CH58x_gpio.o
 .debug_ranges  0x0000000000000f00       0x98 ./StdPeriphDriver/CH58x_sys.o
 .debug_ranges  0x0000000000000f98       0x40 ./StdPeriphDriver/CH58x_uart1.o
 .debug_ranges  0x0000000000000fd8       0x28 ./Startup/startup_CH583.o

.debug_line     0x0000000000000000     0xfe52
 .debug_line    0x0000000000000000      0x545 ./src/main.o
 .debug_line    0x0000000000000545      0x289 ./rt-thread/src/clock.o
 .debug_line    0x00000000000007ce      0x36a ./rt-thread/src/components.o
 .debug_line    0x0000000000000b38      0x2e3 ./rt-thread/src/idle.o
 .debug_line    0x0000000000000e1b     0x1432 ./rt-thread/src/ipc.o
 .debug_line    0x000000000000224d      0x191 ./rt-thread/src/irq.o
 .debug_line    0x00000000000023de     0x1fc4 ./rt-thread/src/kservice.o
 .debug_line    0x00000000000043a2      0xf06 ./rt-thread/src/mem.o
 .debug_line    0x00000000000052a8      0x957 ./rt-thread/src/object.o
 .debug_line    0x0000000000005bff      0x7a4 ./rt-thread/src/scheduler.o
 .debug_line    0x00000000000063a3     0x11be ./rt-thread/src/thread.o
 .debug_line    0x0000000000007561      0xca6 ./rt-thread/src/timer.o
 .debug_line    0x0000000000008207      0x21d ./rt-thread/libcpu/WCH/Qingke_V4A/context_gcc.o
 .debug_line    0x0000000000008424      0x57c ./rt-thread/libcpu/WCH/Qingke_V4A/cpuport.o
 .debug_line    0x00000000000089a0      0x255 ./rt-thread/libcpu/WCH/Qingke_V4A/interrupt_gcc.o
 .debug_line    0x0000000000008bf5     0x1565 ./rt-thread/components/finsh/cmd.o
 .debug_line    0x000000000000a15a      0xb98 ./rt-thread/components/finsh/msh.o
 .debug_line    0x000000000000acf2     0x10ac ./rt-thread/components/finsh/shell.o
 .debug_line    0x000000000000bd9e      0xe9a ./rt-thread/components/drivers/ipc/ringbuffer.o
 .debug_line    0x000000000000cc38      0x8ca ./rt-thread/components/device/device.o
 .debug_line    0x000000000000d502      0x67f ./rt-thread/bsp/usart/drv_usart.o
 .debug_line    0x000000000000db81      0x524 ./rt-thread/bsp/board.o
 .debug_line    0x000000000000e0a5      0x764 ./StdPeriphDriver/CH58x_gpio.o
 .debug_line    0x000000000000e809      0xebb ./StdPeriphDriver/CH58x_sys.o
 .debug_line    0x000000000000f6c4      0x5a7 ./StdPeriphDriver/CH58x_uart1.o
 .debug_line    0x000000000000fc6b      0x1e7 ./Startup/startup_CH583.o

.debug_str      0x0000000000000000     0x33d3
 .debug_str     0x0000000000000000      0xd17 ./src/main.o
                                        0xe6c (size before relaxing)
 .debug_str     0x0000000000000d17       0xdf ./rt-thread/src/clock.o
                                        0x40b (size before relaxing)
 .debug_str     0x0000000000000df6      0x1ad ./rt-thread/src/components.o
                                        0x526 (size before relaxing)
 .debug_str     0x0000000000000fa3       0xcc ./rt-thread/src/idle.o
                                        0x462 (size before relaxing)
 .debug_str     0x000000000000106f      0x3ae ./rt-thread/src/ipc.o
                                        0x7c7 (size before relaxing)
 .debug_str     0x000000000000141d       0x65 ./rt-thread/src/irq.o
                                        0x24d (size before relaxing)
 .debug_str     0x0000000000001482      0x545 ./rt-thread/src/kservice.o
                                        0x966 (size before relaxing)
 .debug_str     0x00000000000019c7      0x1d1 ./rt-thread/src/mem.o
                                        0x8c7 (size before relaxing)
 .debug_str     0x0000000000001b98      0x1a5 ./rt-thread/src/object.o
                                        0x64a (size before relaxing)
 .debug_str     0x0000000000001d3d      0x13b ./rt-thread/src/scheduler.o
                                        0x59b (size before relaxing)
 .debug_str     0x0000000000001e78      0x121 ./rt-thread/src/thread.o
                                        0x816 (size before relaxing)
 .debug_str     0x0000000000001f99       0xd7 ./rt-thread/src/timer.o
                                        0x614 (size before relaxing)
 .debug_str     0x0000000000002070       0x3d ./rt-thread/libcpu/WCH/Qingke_V4A/context_gcc.o
                                         0x6a (size before relaxing)
 .debug_str     0x00000000000020ad      0x113 ./rt-thread/libcpu/WCH/Qingke_V4A/cpuport.o
                                        0xc2d (size before relaxing)
 .debug_str     0x00000000000021c0       0x33 ./rt-thread/libcpu/WCH/Qingke_V4A/interrupt_gcc.o
                                         0x6c (size before relaxing)
 .debug_str     0x00000000000021f3      0x4a9 ./rt-thread/components/finsh/cmd.o
                                       0x11e9 (size before relaxing)
 .debug_str     0x000000000000269c      0x1d3 ./rt-thread/components/finsh/msh.o
                                        0x8cc (size before relaxing)
 .debug_str     0x000000000000286f      0x264 ./rt-thread/components/finsh/shell.o
                                        0xe63 (size before relaxing)
 .debug_str     0x0000000000002ad3      0x204 ./rt-thread/components/drivers/ipc/ringbuffer.o
                                        0x81f (size before relaxing)
 .debug_str     0x0000000000002cd7       0xdb ./rt-thread/components/device/device.o
                                        0x7ea (size before relaxing)
 .debug_str     0x0000000000002db2       0xa7 ./rt-thread/bsp/usart/drv_usart.o
                                        0xca3 (size before relaxing)
 .debug_str     0x0000000000002e59      0x21d ./rt-thread/bsp/board.o
                                        0xcf6 (size before relaxing)
 .debug_str     0x0000000000003076       0xad ./StdPeriphDriver/CH58x_gpio.o
                                        0x9e5 (size before relaxing)
 .debug_str     0x0000000000003123      0x1a9 ./StdPeriphDriver/CH58x_sys.o
                                        0xc78 (size before relaxing)
 .debug_str     0x00000000000032cc       0xec ./StdPeriphDriver/CH58x_uart1.o
                                        0x98a (size before relaxing)
 .debug_str     0x00000000000033b8       0x1b ./Startup/startup_CH583.o
                                         0x54 (size before relaxing)

.comment        0x0000000000000000       0x33
 .comment       0x0000000000000000       0x33 ./src/main.o
                                         0x34 (size before relaxing)
 .comment       0x0000000000000033       0x34 ./rt-thread/src/clock.o
 .comment       0x0000000000000033       0x34 ./rt-thread/src/components.o
 .comment       0x0000000000000033       0x34 ./rt-thread/src/idle.o
 .comment       0x0000000000000033       0x34 ./rt-thread/src/ipc.o
 .comment       0x0000000000000033       0x34 ./rt-thread/src/irq.o
 .comment       0x0000000000000033       0x34 ./rt-thread/src/kservice.o
 .comment       0x0000000000000033       0x34 ./rt-thread/src/mem.o
 .comment       0x0000000000000033       0x34 ./rt-thread/src/object.o
 .comment       0x0000000000000033       0x34 ./rt-thread/src/scheduler.o
 .comment       0x0000000000000033       0x34 ./rt-thread/src/thread.o
 .comment       0x0000000000000033       0x34 ./rt-thread/src/timer.o
 .comment       0x0000000000000033       0x34 ./rt-thread/libcpu/WCH/Qingke_V4A/cpuport.o
 .comment       0x0000000000000033       0x34 ./rt-thread/components/finsh/cmd.o
 .comment       0x0000000000000033       0x34 ./rt-thread/components/finsh/msh.o
 .comment       0x0000000000000033       0x34 ./rt-thread/components/finsh/shell.o
 .comment       0x0000000000000033       0x34 ./rt-thread/components/drivers/ipc/ringbuffer.o
 .comment       0x0000000000000033       0x34 ./rt-thread/components/device/device.o
 .comment       0x0000000000000033       0x34 ./rt-thread/bsp/usart/drv_usart.o
 .comment       0x0000000000000033       0x34 ./rt-thread/bsp/board.o
 .comment       0x0000000000000033       0x34 ./StdPeriphDriver/CH58x_gpio.o
 .comment       0x0000000000000033       0x34 ./StdPeriphDriver/CH58x_sys.o
 .comment       0x0000000000000033       0x34 ./StdPeriphDriver/CH58x_uart1.o
 .comment       0x0000000000000033       0x34 C:\Users\y zy\Desktop\EVT\EXAM\SRC\StdPeriphDriver\libISP583.a(ISP583.o)

.debug_frame    0x0000000000000000     0x1e44
 .debug_frame   0x0000000000000000       0xb4 ./src/main.o
 .debug_frame   0x00000000000000b4       0x7c ./rt-thread/src/clock.o
 .debug_frame   0x0000000000000130      0x110 ./rt-thread/src/components.o
 .debug_frame   0x0000000000000240       0x98 ./rt-thread/src/idle.o
 .debug_frame   0x00000000000002d8      0x2cc ./rt-thread/src/ipc.o
 .debug_frame   0x00000000000005a4       0x40 ./rt-thread/src/irq.o
 .debug_frame   0x00000000000005e4      0x318 ./rt-thread/src/kservice.o
 .debug_frame   0x00000000000008fc      0x130 ./rt-thread/src/mem.o
 .debug_frame   0x0000000000000a2c      0x190 ./rt-thread/src/object.o
 .debug_frame   0x0000000000000bbc      0x12c ./rt-thread/src/scheduler.o
 .debug_frame   0x0000000000000ce8      0x2dc ./rt-thread/src/thread.o
 .debug_frame   0x0000000000000fc4      0x1c4 ./rt-thread/src/timer.o
 .debug_frame   0x0000000000001188       0x78 ./rt-thread/libcpu/WCH/Qingke_V4A/cpuport.o
 .debug_frame   0x0000000000001200      0x268 ./rt-thread/components/finsh/cmd.o
 .debug_frame   0x0000000000001468      0x120 ./rt-thread/components/finsh/msh.o
 .debug_frame   0x0000000000001588      0x16c ./rt-thread/components/finsh/shell.o
 .debug_frame   0x00000000000016f4      0x1a0 ./rt-thread/components/drivers/ipc/ringbuffer.o
 .debug_frame   0x0000000000001894      0x1b0 ./rt-thread/components/device/device.o
 .debug_frame   0x0000000000001a44       0xa4 ./rt-thread/bsp/usart/drv_usart.o
 .debug_frame   0x0000000000001ae8       0x7c ./rt-thread/bsp/board.o
 .debug_frame   0x0000000000001b64       0x70 ./StdPeriphDriver/CH58x_gpio.o
 .debug_frame   0x0000000000001bd4      0x114 ./StdPeriphDriver/CH58x_sys.o
 .debug_frame   0x0000000000001ce8       0x9c ./StdPeriphDriver/CH58x_uart1.o
 .debug_frame   0x0000000000001d84       0x20 c:/mounriver/mounriver_studio/toolchain/risc-v embedded gcc/bin/../lib/gcc/riscv-none-embed/8.2.0/../../../../riscv-none-embed/lib/rv32imac/ilp32\libg_nano.a(lib_a-memcpy.o)
 .debug_frame   0x0000000000001da4       0x20 c:/mounriver/mounriver_studio/toolchain/risc-v embedded gcc/bin/../lib/gcc/riscv-none-embed/8.2.0/../../../../riscv-none-embed/lib/rv32imac/ilp32\libg_nano.a(lib_a-strcat.o)
 .debug_frame   0x0000000000001dc4       0x20 c:/mounriver/mounriver_studio/toolchain/risc-v embedded gcc/bin/../lib/gcc/riscv-none-embed/8.2.0/../../../../riscv-none-embed/lib/rv32imac/ilp32\libg_nano.a(lib_a-strcpy.o)
 .debug_frame   0x0000000000001de4       0x20 c:/mounriver/mounriver_studio/toolchain/risc-v embedded gcc/bin/../lib/gcc/riscv-none-embed/8.2.0/../../../../riscv-none-embed/lib/rv32imac/ilp32\libg_nano.a(lib_a-strlen.o)
 .debug_frame   0x0000000000001e04       0x20 c:/mounriver/mounriver_studio/toolchain/risc-v embedded gcc/bin/../lib/gcc/riscv-none-embed/8.2.0/../../../../riscv-none-embed/lib/rv32imac/ilp32\libg_nano.a(lib_a-strncmp.o)
 .debug_frame   0x0000000000001e24       0x20 c:/mounriver/mounriver_studio/toolchain/risc-v embedded gcc/bin/../lib/gcc/riscv-none-embed/8.2.0/../../../../riscv-none-embed/lib/rv32imac/ilp32\libg_nano.a(lib_a-strncpy.o)

.stabstr        0x0000000000000000      0x117
 .stabstr       0x0000000000000000      0x117 c:/mounriver/mounriver_studio/toolchain/risc-v embedded gcc/bin/../lib/gcc/riscv-none-embed/8.2.0/../../../../riscv-none-embed/lib/rv32imac/ilp32\libnosys.a(close.o)
